@HD	VN:1.0	SO:unsorted
@SQ	SN:Homo_sapiens	LN:247249719
@SQ	SN:Mus_musculus	LN:197195432
@SQ	SN:Danio_rerio	LN:76918211
@SQ	SN:Clostridium_difficile	LN:4110555
@SQ	SN:Escherichia_coli	LN:4639675
@SQ	SN:Mycobacterium_tuberculosis	LN:4411532
@SQ	SN:Plasmodium_falciparum	LN:3291871
@SQ	SN:PhiX	LN:5386
@SQ	SN:Streptococcus_equi	LN:2253793
@SQ	SN:Leishmania_major	LN:2682183
@PG	ID:Bowtie	VN:0.11.3	CL:"/software/solexa/bin/aligners/bin/bowtie --sam /nfs/repository/d0031/references/NPD_Chimera/20091028/all/bowtie/Composite_20091028 1937_3_1.fastq qc/1937_3.map"
IL36_1937:1:1:1416:928/1	4	*	0	0	*	*	0	0	GAATCACCTGGTGGGCTTGTAATAATAAAATGCAGAT	A<AAAAAAAAAAAAAAAAAA66A<0A/<</AAA<<<>	XM:i:0
IL36_1937:1:1:1562:894/1	4	*	0	0	*	*	0	0	GATGAGTACTCCACTATAATTCTTAACTTTGTCCTTC	AAAAAAAAAAAA<AA.A7<AAAAA7<AAAA?AAAA><	XM:i:0
IL36_1937:1:1:1411:870/1	4	*	0	0	*	*	0	0	GAGAAAGATTCAGAAATGAAGACGGTTTGAGTGATGC	????<7?;?????7<0??<;?<???????;<<<7<;<	XM:i:0
IL36_1937:1:1:1635:1034/1	4	*	0	0	*	*	0	0	GCTTTTTTCAGAATTCTGAGATTCTCTAGTGTCAAAC	AAAAAAAAA<AA<AAAAA<<AAAAAAA/<A<AA6<6<	XM:i:0
IL36_1937:1:1:1755:1159/1	4	*	0	0	*	*	0	0	GGGTAACAGGAAAGATCATTGCTATATATACACAGCT	????<7????77<?7??7?????<<7?;?/?/?6;<<	XM:i:0
IL36_1937:1:1:737:724/1	0	Homo_sapiens	92620822	255	37M	*	0	0	GTCGATGAGTAGGTTGCAAAAATTTTCTCCCATTTTG	AAAAAAA<AAAA<AA<AAA<<<AAAAAAAAA/AAA>6	XA:i:0	MD:Z:34C2	NM:i:1
IL36_1937:1:1:868:859/1	4	*	0	0	*	*	0	0	GAGAGGGTTCCATGTACGTGGAGATCTTCCTGGAGCT	AAAAAAAAAAAAA@A7AA@A@@A<@A@AAAA7?7<<<	XM:i:0
IL36_1937:1:1:1533:1220/1	4	*	0	0	*	*	0	0	GTGACATCAACTCTAATTCTGGGGAATTATGAATTCC	???<?7>?29>>>>22><>>999972>>2>727>><9	XM:i:0
IL36_1937:1:1:1587:408/1	4	*	0	0	*	*	0	0	GAGCCGTCTCTCTTTCTAGCATCCCCACATCCCCTGA	AAAAAAAAAAAAAAAAA7@AAAAAAA7A7AAAAAA<.	XM:i:0
IL36_1937:1:1:1488:139/1	4	*	0	0	*	*	0	0	GATCCAAATTTCCAACAAAAGGTGGTAGATGGCCGGC	AAAAAAAAAAAAAAAAA.77AAAA./.7-.A&A7-<.	XM:i:0
